[oi-themes.web.app/Brayn/index.html]
[oi-themes.web.app/Brayn/favicon/apple-touch-icon.png]
[oi-themes.web.app/Brayn/favicon/favicon-32x32.png]
[oi-themes.web.app/Brayn/favicon/favicon-16x16.png]
[oi-themes.web.app/Brayn/site.webmanifest]
[oi-themes.web.app/Brayn/favicon/safari-pinned-tab.svg]
[backblue.gif]
[fade.gif]
[index.html]
[oi-themes.web.app/Brayn/assets/bootstrap/css/bootstrap.min.css]
[oi-themes.web.app/Brayn/assets/css/plugins.css]
[oi-themes.web.app/Brayn/assets/css/site.css]
[oi-themes.web.app/Brayn/assets/css/default-skin.css]
[oi-themes.web.app/Brayn/assets/js/jquery.min.js]
[oi-themes.web.app/Brayn/assets/js/pace.min.js]
[oi-themes.web.app/Brayn/assets/js/brayn-firstload.js]
[oi-themes.web.app/Brayn/assets/images/logo-light@2x.png]
[oi-themes.web.app/Brayn/index.html]
[oi-themes.web.app/Brayn/assets/images/logo-light.png]
[oi-themes.web.app/Brayn/contact.html]
[oi-themes.web.app/Brayn/index__youtube.html]
[oi-themes.web.app/Brayn/index__vimeo.html]
[oi-themes.web.app/Brayn/index__minimal.html]
[oi-themes.web.app/Brayn/about.html]
[oi-themes.web.app/Brayn/services.html]
[oi-themes.web.app/Brayn/single-services.html]
[oi-themes.web.app/Brayn/single-portfolio-masonry.html]
[oi-themes.web.app/Brayn/single-portfolio-metro.html]
[oi-themes.web.app/Brayn/single-portfolio-carousel.html]
[oi-themes.web.app/Brayn/blog.html]
[oi-themes.web.app/Brayn/team.html]
[oi-themes.web.app/Brayn/demo-images/team.jpg]
[oi-themes.web.app/Brayn/demo-images/studio-republic-644339-unsplash.jpg]
[oi-themes.web.app/Brayn/demo-images/slide/im-fine.jpg]
[oi-themes.web.app/Brayn/demo-images/slide/ninety-nine.jpg]
[oi-themes.web.app/Brayn/demo-images/slide/image01.jpg]
[oi-themes.web.app/Brayn/demo-images/slide/pexels-photo-247298.jpg]
[oi-themes.web.app/Brayn/demo-images/slide/pexels-photo-1889347.jpg]
[oi-themes.web.app/Brayn/demo-images/pexels-photo-260024.jpg]
[oi-themes.web.app/Brayn/demo-images/pexels-photo-1327214.jpg]
[oi-themes.web.app/Brayn/demo-images/pexels-photo-1181467.jpg]
[oi-themes.web.app/Brayn/demo-images/full-block-img.jpg]
[oi-themes.web.app/Brayn/demo-images/heads/head1.jpg]
[oi-themes.web.app/Brayn/demo-images/heads/head2.jpg]
[oi-themes.web.app/Brayn/demo-images/heads/head3.jpg]
[oi-themes.web.app/Brayn/single-post.html]
[oi-themes.web.app/Brayn/demo-images/blog/pexels-photo-1701202.jpg]
[oi-themes.web.app/Brayn/demo-images/blog/table-food-book-newspaper-159652.jpg]
[oi-themes.web.app/Brayn/demo-images/blog/pexels-photo-834949.jpg]
[oi-themes.web.app/Brayn/assets/images/logos/logo-01.png]
[oi-themes.web.app/Brayn/assets/images/logos/logo-02.png]
[oi-themes.web.app/Brayn/assets/images/logos/logo-03.png]
[oi-themes.web.app/Brayn/assets/images/logos/logo-04.png]
[oi-themes.web.app/Brayn/assets/images/logos/logo-05.png]
[oi-themes.web.app/Brayn/assets/js/plugins.js]
[oi-themes.web.app/Brayn/index.html]
[oi-themes.web.app/Brayn/favicon/safari-pinned-tab.svg]
[oi-themes.web.app/Brayn/assets/js/app.js]
[oi-themes.web.app/Brayn/assets/bootstrap/css/bootstrap.min.css]
[oi-themes.web.app/Brayn/assets/css/smooth-scrollbar.css]
[oi-themes.web.app/Brayn/assets/css/leaflet.css]
[oi-themes.web.app/Brayn/assets/css/magnificPopup.css]
[oi-themes.web.app/Brayn/assets/css/swiper.min.css]
[oi-themes.web.app/Brayn/assets/css/plugins.css]
[oi-themes.web.app/Brayn/assets/images/quote.svg]
[oi-themes.web.app/Brayn/assets/css/site.css]
[oi-themes.web.app/Brayn/assets/css/default-skin.css]
[oi-themes.web.app/Brayn/index.html]
[oi-themes.web.app/Brayn/contact.html]
[oi-themes.web.app/Brayn/index__youtube.html]
[oi-themes.web.app/Brayn/index__vimeo.html]
[oi-themes.web.app/Brayn/demo-images/annie-spratt-604131-unsplash.jpg]
[oi-themes.web.app/Brayn/demo-images/portfolio-grid/01.jpg]
[oi-themes.web.app/Brayn/demo-images/portfolio-grid/02.jpg]
[oi-themes.web.app/Brayn/demo-images/portfolio-grid/03.jpg]
[oi-themes.web.app/Brayn/demo-images/portfolio-grid/04.jpg]
[oi-themes.web.app/Brayn/demo-images/portfolio-grid/05.jpg]
[oi-themes.web.app/Brayn/demo-images/portfolio-grid/06.jpg]
[oi-themes.web.app/Brayn/demo-images/portfolio-grid/07.jpg]
[oi-themes.web.app/Brayn/demo-images/portfolio-grid/08.jpg]
[oi-themes.web.app/Brayn/index__minimal.html]
[oi-themes.web.app/Brayn/demo-images/portfolio-grid/09.jpg]
[oi-themes.web.app/Brayn/demo-images/02.jpg]
[oi-themes.web.app/Brayn/demo-images/pexels-photo-1451471.jpg]
[oi-themes.web.app/Brayn/about.html]
[oi-themes.web.app/Brayn/services.html]
[oi-themes.web.app/Brayn/demo-images/pexels-photo-950901.jpg]
[oi-themes.web.app/Brayn/demo-images/pexels-photo-1701202.jpg]
[oi-themes.web.app/Brayn/demo-images/pexels-photo-270837.jpg]
[oi-themes.web.app/Brayn/single-services.html]
[oi-themes.web.app/Brayn/demo-images/pexels-photo-1543895.jpg]
[oi-themes.web.app/Brayn/demo-images/pexels-photo-63238.jpg]
[oi-themes.web.app/Brayn/demo-images/gallery/pexels-photo-709791.jpg]
[oi-themes.web.app/Brayn/demo-images/gallery/pexels-photo-709802.jpg]
[oi-themes.web.app/Brayn/demo-images/gallery/pexels-photo-905913.jpg]
[oi-themes.web.app/Brayn/demo-images/gallery/pexels-photo-963486.jpg]
[oi-themes.web.app/Brayn/demo-images/gallery/pexels-photo-1030886.jpg]
[oi-themes.web.app/Brayn/demo-images/gallery/pexels-photo-1030895.jpg]
[oi-themes.web.app/Brayn/demo-images/gallery/pexels-photo-1071113.jpg]
[oi-themes.web.app/Brayn/demo-images/gallery/pexels-photo-434490.jpg]
[oi-themes.web.app/Brayn/single-portfolio-masonry.html]
[oi-themes.web.app/Brayn/single-portfolio-metro.html]
[oi-themes.web.app/Brayn/demo-images/gallery/pexels-photo-795766.jpg]
[oi-themes.web.app/Brayn/demo-images/pexels-photo-892757.jpg]
[oi-themes.web.app/Brayn/demo-images/carousel/01.jpg]
[oi-themes.web.app/Brayn/demo-images/carousel/02.jpg]
[oi-themes.web.app/Brayn/demo-images/carousel/03.jpg]
[oi-themes.web.app/Brayn/single-portfolio-carousel.html]
[oi-themes.web.app/Brayn/demo-images/carousel/04.jpg]
[oi-themes.web.app/Brayn/demo-images/blog/studio-republic-644339-unsplash.jpg]
[oi-themes.web.app/Brayn/demo-images/blog/04.jpg]
[oi-themes.web.app/Brayn/demo-images/blog/pexels-photo-905913.jpg]
[oi-themes.web.app/Brayn/demo-images/blog/pexels-photo-1193743.jpg]
[oi-themes.web.app/Brayn/demo-images/blog/pexels-photo-1447381.jpg]
[oi-themes.web.app/Brayn/blog.html]
[oi-themes.web.app/Brayn/demo-images/blog/pexels-photo-1331978.jpg]
[oi-themes.web.app/Brayn/demo-images/annie-spratt-604126-unsplash.jpg]
[oi-themes.web.app/Brayn/demo-images/team/01.jpg]
[oi-themes.web.app/Brayn/demo-images/team/02.jpg]
[oi-themes.web.app/Brayn/demo-images/team/03.jpg]
[oi-themes.web.app/Brayn/demo-images/team/04.jpg]
[oi-themes.web.app/Brayn/demo-images/team/05.jpg]
[oi-themes.web.app/Brayn/team.html]
[oi-themes.web.app/Brayn/demo-images/team/06.jpg]
[oi-themes.web.app/Brayn/demo-images/avatar.jpg]
[oi-themes.web.app/Brayn/demo-images/avatar02.jpg]
[oi-themes.web.app/Brayn/demo-images/avatar03.jpg]
[oi-themes.web.app/Brayn/single-post.html]
[oi-themes.web.app/Brayn/assets/css/smooth-scrollbar.css]
[oi-themes.web.app/Brayn/assets/images/leaflet/layers.png]
[oi-themes.web.app/Brayn/assets/images/leaflet/layers-2x.png]
[oi-themes.web.app/Brayn/assets/images/leaflet/marker-icon.png]
[oi-themes.web.app/Brayn/assets/css/leaflet.css]
[oi-themes.web.app/Brayn/assets/css/magnificPopup.css]
[oi-themes.web.app/Brayn/assets/css/swiper.min.css]
[oi-themes.web.app/Brayn/assets/images/quote.svg]
[{s}.tile.openstreetmap.org/{z}/{x}/{y}.png]
